1 clear
2 clear
3 clear
4
5 clear
6 clear
7 clear
